2026-02-12 12:34:43 | INFO | Requested http://ipinfo.io/json
2026-02-12 12:35:12 | INFO | Registrazione INIZIATA | file=record_20260212_123510.mp4 | luogo=Bologna, IT
2026-02-12 12:35:14 | INFO | Registrazione TERMINATA | durata=00:00:02 | frame con volti=65 | luogo=Bologna, IT
2026-02-12 12:35:46 | INFO | Registrazione INIZIATA | file=record_20260212_123546.mp4 | luogo=Bologna, IT
2026-02-12 12:35:48 | INFO | Registrazione TERMINATA | durata=00:00:02 | frame con volti=67 | luogo=Bologna, IT
2026-02-13 11:02:29 | INFO | Requested http://ipinfo.io/json
2026-02-13 11:05:06 | INFO | Requested http://ipinfo.io/json
2026-02-13 11:19:32 | INFO | Registrazione INIZIATA | file=record_20260213_111932.mp4 | luogo=Bologna, IT
2026-02-13 11:19:40 | INFO | Registrazione TERMINATA | durata=00:00:07 | frame con volti=15 | luogo=Bologna, IT
2026-02-13 11:26:44 | INFO | Requested http://ipinfo.io/json
2026-02-13 11:33:14 | INFO | Requested http://ipinfo.io/json
2026-02-13 11:40:19 | INFO | Requested http://ipinfo.io/json
2026-02-13 11:53:45 | INFO | Requested http://ipinfo.io/json
2026-02-13 11:58:31 | INFO | Requested http://ipinfo.io/json
2026-02-13 11:59:23 | INFO | Requested http://ipinfo.io/json
2026-02-13 12:01:44 | INFO | Requested http://ipinfo.io/json
2026-02-13 12:03:16 | INFO | Requested http://ipinfo.io/json
2026-02-13 12:04:16 | INFO | Requested http://ipinfo.io/json
2026-02-13 12:10:14 | INFO | Requested http://ipinfo.io/json
2026-02-13 12:14:09 | INFO | Requested http://ipinfo.io/json
2026-02-13 12:21:58 | INFO | Requested http://ipinfo.io/json
2026-02-13 16:15:45 | INFO | Requested http://ipinfo.io/json
2026-02-13 16:16:10 | INFO | Registrazione INIZIATA | file=record_20260213_161609.mp4 | luogo=Bologna, IT
2026-02-13 16:16:19 | INFO | Registrazione TERMINATA | durata=00:00:09 | frame con volti=73 | luogo=Bologna, IT
2026-02-13 16:17:31 | INFO | Requested http://ipinfo.io/json
2026-02-13 16:19:56 | INFO | Requested http://ipinfo.io/json
2026-02-13 16:23:57 | INFO | Requested http://ipinfo.io/json
2026-02-13 16:24:17 | INFO | Registrazione INIZIATA | file=record_20260213_162417.mp4 | luogo=Bologna, IT
2026-02-13 16:24:20 | INFO | Registrazione TERMINATA | durata=00:00:03 | frame con volti=43 | luogo=Bologna, IT
2026-02-15 17:41:51 | INFO | Requested http://ipinfo.io/json
2026-02-16 10:40:05 | INFO | Requested http://ipinfo.io/json
2026-02-16 10:40:57 | INFO | Registrazione INIZIATA | file=record_20260216_104055.mp4 | luogo=Bologna, IT
2026-02-16 10:40:59 | INFO | Registrazione TERMINATA | durata=00:00:01 | frame con volti=0 | luogo=Bologna, IT
2026-02-16 10:41:54 | INFO | Requested http://ipinfo.io/json
2026-02-16 11:18:18 | INFO | Requested http://ipinfo.io/json
2026-02-16 11:23:55 | INFO | Requested http://ipinfo.io/json
2026-02-16 11:25:28 | INFO | Requested http://ipinfo.io/json
2026-02-16 11:36:17 | INFO | Requested http://ipinfo.io/json
2026-02-17 11:17:03 | ERROR | Status code Unknown from http://ipinfo.io/json: ERROR - HTTPConnectionPool(host='ipinfo.io', port=80): Max retries exceeded with url: /json (Caused by ConnectTimeoutError(<HTTPConnection(host='ipinfo.io', port=80) at 0x18134f48c20>, 'Connection to ipinfo.io timed out. (connect timeout=5.0)'))
2026-02-17 11:17:07 | WARNING | ADB non trovato. Installa Android SDK Platform Tools.
2026-02-17 11:33:54 | INFO | Requested http://ipinfo.io/json
2026-02-17 11:33:58 | WARNING | ADB non trovato. Installa Android SDK Platform Tools.
2026-02-17 11:36:04 | INFO | Requested http://ipinfo.io/json
2026-02-17 11:36:09 | WARNING | ADB non trovato. Installa Android SDK Platform Tools.
2026-02-17 11:46:16 | INFO | Requested http://ipinfo.io/json
2026-02-17 11:46:21 | WARNING | ADB non trovato. Installa Android SDK Platform Tools.
2026-02-17 11:48:49 | INFO | Registrazione INIZIATA | file=record_20260217_114849.mp4 | luogo=Bologna, IT
2026-02-17 11:48:52 | INFO | Registrazione TERMINATA | durata=00:00:02 | frame con volti=74 | luogo=Bologna, IT
2026-02-17 11:49:21 | INFO | Requested http://ipinfo.io/json
2026-02-17 11:49:25 | WARNING | ADB non trovato. Installa Android SDK Platform Tools.
2026-02-18 10:13:26 | INFO | Requested http://ipinfo.io/json
2026-02-18 10:26:56 | INFO | Requested http://ipinfo.io/json
2026-02-18 10:42:11 | ERROR | Status code Unknown from http://ipinfo.io/json: ERROR - HTTPConnectionPool(host='ipinfo.io', port=80): Max retries exceeded with url: /json (Caused by ConnectTimeoutError(<HTTPConnection(host='ipinfo.io', port=80) at 0x1c0c9a406e0>, 'Connection to ipinfo.io timed out. (connect timeout=5.0)'))
2026-02-18 10:45:15 | INFO | Requested http://ipinfo.io/json
2026-02-18 10:47:19 | INFO | Requested http://ipinfo.io/json
2026-02-18 10:49:55 | INFO | Requested http://ipinfo.io/json
2026-02-18 11:05:01 | INFO | Requested http://ipinfo.io/json
2026-02-19 10:11:13 | INFO | Requested http://ipinfo.io/json
2026-02-19 10:18:34 | INFO | Requested http://ipinfo.io/json
2026-02-19 10:22:32 | INFO | Requested http://ipinfo.io/json
2026-02-19 10:22:57 | INFO | Registrazione INIZIATA | file=record_20260219_102256.mp4 | luogo=Bologna, IT
2026-02-19 10:23:05 | INFO | Registrazione TERMINATA | durata=00:00:08 | frame con volti=145 | luogo=Bologna, IT
